src/components/Admin/QaForm.tsx(3,36): error TS1261: Already included file name 'C:/Users/Csmit/Music/essay-embassy-project/src/components/common/EnhancedRichTextEditor.tsx' differs from file name 'C:/Users/Csmit/Music/essay-embassy-project/src/components/Common/EnhancedRichTextEditor.tsx' only in casing.
  The file is in the program because:
    Imported via "../common/EnhancedRichTextEditor" from file 'C:/Users/Csmit/Music/essay-embassy-project/src/components/Admin/QaForm.tsx'
    Matched by include pattern 'src' in 'tsconfig.app.json'
src/components/Admin/QaForm.tsx(4,28): error TS1149: File name 'C:/Users/Csmit/Music/essay-embassy-project/src/components/common/LoadingSpinner.tsx' differs from already included file name 'C:/Users/Csmit/Music/essay-embassy-project/src/components/Common/LoadingSpinner.tsx' only in casing.
  The file is in the program because:
    Imported via './components/Common/LoadingSpinner' from file 'C:/Users/Csmit/Music/essay-embassy-project/src/App.tsx'
    Imported via '../components/Common/LoadingSpinner' from file 'C:/Users/Csmit/Music/essay-embassy-project/src/pages/BlogPage.tsx'
    Imported via '../components/Common/LoadingSpinner' from file 'C:/Users/Csmit/Music/essay-embassy-project/src/pages/BlogPostPage.tsx'
    Imported via '../Common/LoadingSpinner' from file 'C:/Users/Csmit/Music/essay-embassy-project/src/components/Reviews/ReviewSubmissionForm.tsx'
    Imported via '../components/Common/LoadingSpinner' from file 'C:/Users/Csmit/Music/essay-embassy-project/src/pages/Reviews.tsx'
    Imported via '../../components/Common/LoadingSpinner' from file 'C:/Users/Csmit/Music/essay-embassy-project/src/pages/Order/OrderNow.tsx'
    Imported via '../../components/Common/LoadingSpinner' from file 'C:/Users/Csmit/Music/essay-embassy-project/src/pages/Auth/Login.tsx'
    Imported via '../../components/Common/LoadingSpinner' from file 'C:/Users/Csmit/Music/essay-embassy-project/src/pages/Auth/Register.tsx'
    Imported via "../Common/LoadingSpinner" from file 'C:/Users/Csmit/Music/essay-embassy-project/src/components/qa/PublicQaList.tsx'
    Imported via "../Common/LoadingSpinner" from file 'C:/Users/Csmit/Music/essay-embassy-project/src/components/qa/PublicQaDetail.tsx'
    Imported via '../../components/Common/LoadingSpinner' from file 'C:/Users/Csmit/Music/essay-embassy-project/src/pages/Admin/AdminQAList.tsx'
    Imported via "../common/LoadingSpinner" from file 'C:/Users/Csmit/Music/essay-embassy-project/src/components/Admin/QaForm.tsx'
    Imported via '../Common/LoadingSpinner' from file 'C:/Users/Csmit/Music/essay-embassy-project/src/components/Admin/ReviewManager.tsx'
    Imported via '../Common/LoadingSpinner' from file 'C:/Users/Csmit/Music/essay-embassy-project/src/components/Admin/BlogManager.tsx'
    Imported via '../components/Common/LoadingSpinner' from file 'C:/Users/Csmit/Music/essay-embassy-project/src/pages/DynamicServicePage.tsx'
    Imported via '../../components/Common/LoadingSpinner' from file 'C:/Users/Csmit/Music/essay-embassy-project/src/pages/Dashboard/ProfileSettings.tsx'
    Imported via '../../components/Common/LoadingSpinner' from file 'C:/Users/Csmit/Music/essay-embassy-project/src/pages/Dashboard/ClientProfileSettings.tsx'
    Imported via '../../components/Common/LoadingSpinner' from file 'C:/Users/Csmit/Music/essay-embassy-project/src/pages/Dashboard/OrderDetailPage.tsx'
    Imported via '../../components/Common/LoadingSpinner' from file 'C:/Users/Csmit/Music/essay-embassy-project/src/pages/Dashboard/AdminMessages.tsx'
    Imported via '../../components/Common/LoadingSpinner' from file 'C:/Users/Csmit/Music/essay-embassy-project/src/pages/Dashboard/NewOrder.tsx'
    Imported via '../../components/Common/LoadingSpinner' from file 'C:/Users/Csmit/Music/essay-embassy-project/src/pages/Dashboard/Orders.tsx'
    Imported via '../../components/Common/LoadingSpinner' from file 'C:/Users/Csmit/Music/essay-embassy-project/src/pages/Dashboard/UserManagement.tsx'
    Imported via '../../components/Common/LoadingSpinner' from file 'C:/Users/Csmit/Music/essay-embassy-project/src/pages/Dashboard/UserDetail.tsx'
    Imported via '../../components/Common/LoadingSpinner' from file 'C:/Users/Csmit/Music/essay-embassy-project/src/pages/Dashboard/PlaceOrder.tsx'
    Imported via '../Common/LoadingSpinner' from file 'C:/Users/Csmit/Music/essay-embassy-project/src/components/Admin/ServiceManager.tsx'
    Matched by include pattern 'src' in 'tsconfig.app.json'
    Imported via '../../components/Common/LoadingSpinner' from file 'C:/Users/Csmit/Music/essay-embassy-project/src/pages/Dashboard/ClientMessages.tsx'
    Imported via '../../components/Common/LoadingSpinner' from file 'C:/Users/Csmit/Music/essay-embassy-project/src/pages/Order/OrderForm.tsx'
src/components/Admin/TestimonialManager.tsx(4,10): error TS2305: Module '"../../types"' has no exported member 'Testimonial'.
src/components/Admin/TestimonialManager.tsx(288,84): error TS7053: Element implicitly has an 'any' type because expression of type 'any' can't be used to index type '{ google: string; trustpilot: string; sitejabber: string; }'.
src/components/Common/PriceDisplay.tsx(60,9): error TS6133: 'convertedPrice' is declared but its value is never read.
src/components/Common/SocialProofNotificationSystem.tsx(24,29): error TS2503: Cannot find namespace 'NodeJS'.
src/components/Common/SocialProofNotificationSystem.tsx(25,33): error TS2503: Cannot find namespace 'NodeJS'.
src/components/Common/SocialProofNotificationSystem.tsx(113,7): error TS2322: Type '{ visible: boolean; content: string; animationState: AnimationState; timeAgo: string | undefined; isHovered: boolean; onHover: Dispatch<SetStateAction<boolean>>; onClose: () => void; }' is not assignable to type 'IntrinsicAttributes & SocialProofNotificationProps'.
  Property 'animationState' does not exist on type 'IntrinsicAttributes & SocialProofNotificationProps'.
src/components/ErrorReporter.tsx(12,26): error TS2503: Cannot find namespace 'NodeJS'.
src/components/Payment/RazorpayButton.tsx(125,13): error TS2591: Cannot find name 'process'. Do you need to install type definitions for node? Try `npm i --save-dev @types/node` and then add 'node' to the types field in your tsconfig.
src/components/Team/EssayWritersSection.tsx(135,26): error TS18047: 'el' is possibly 'null'.
src/components/Team/EssayWritersSection.tsx(136,20): error TS18047: 'el' is possibly 'null'.
src/components/Team/EssayWritersSection.tsx(137,7): error TS18047: 'el' is possibly 'null'.
src/components/Team/EssayWritersSection.tsx(139,47): error TS18047: 'el' is possibly 'null'.
src/components/Team/EssayWritersSection.tsx(140,44): error TS18047: 'el' is possibly 'null'.
src/components/Team/EssayWritersSection.tsx(144,27): error TS18047: 'el' is possibly 'null'.
src/components/Team/EssayWritersSection.tsx(146,7): error TS18047: 'el' is possibly 'null'.
src/components/Team/EssayWritersSection.tsx(165,25): error TS18047: 'el' is possibly 'null'.
src/components/Team/EssayWritersSection.tsx(165,42): error TS18047: 'el' is possibly 'null'.
src/components/Team/EssayWritersSection.tsx(166,41): error TS18047: 'el' is possibly 'null'.
src/components/Testimonials/PremiumReviewsSection.tsx(61,19): error TS7053: Element implicitly has an 'any' type because expression of type 'string' can't be used to index type '{ essayshark: { rating: number; reviewer: string; text: string; date: string; }[]; sitejabber: { rating: number; reviewer: string; text: string; date: string; }[]; reviewsio: { rating: number; reviewer: string; text: string; date: string; }[]; }'.
  No index signature with a parameter of type 'string' was found on type '{ essayshark: { rating: number; reviewer: string; text: string; date: string; }[]; sitejabber: { rating: number; reviewer: string; text: string; date: string; }[]; reviewsio: { rating: number; reviewer: string; text: string; date: string; }[]; }'.
src/components/Testimonials/PremiumReviewsSection.tsx(106,37): error TS7006: Parameter 'review' implicitly has an 'any' type.
src/components/Testimonials/PremiumReviewsSection.tsx(106,45): error TS7006: Parameter 'idx' implicitly has an 'any' type.
src/components/Testimonials/TestimonialsSection.tsx(114,10): error TS6133: 'cardsPerView' is declared but its value is never read.
src/components/ui/background-boxes.tsx(3,24): error TS2307: Cannot find module 'motion/react' or its corresponding type declarations.
src/components/ui/carousel.tsx(6,8): error TS2307: Cannot find module 'embla-carousel-react' or its corresponding type declarations.
src/context/CurrencyContext.tsx(76,10): error TS6133: 'lastUpdatedAt' is declared but its value is never read.
src/hooks/useServices.ts(13,5): error TS2322: Type 'string' is not assignable to type 'Timestamp'.
src/hooks/useServices.ts(14,5): error TS2322: Type 'string' is not assignable to type 'Timestamp'.
src/hooks/useServices.ts(23,5): error TS2322: Type 'string' is not assignable to type 'Timestamp'.
src/hooks/useServices.ts(24,5): error TS2322: Type 'string' is not assignable to type 'Timestamp'.
src/hooks/useServices.ts(33,5): error TS2322: Type 'string' is not assignable to type 'Timestamp'.
src/hooks/useServices.ts(34,5): error TS2322: Type 'string' is not assignable to type 'Timestamp'.
src/hooks/useServices.ts(43,5): error TS2322: Type 'string' is not assignable to type 'Timestamp'.
src/hooks/useServices.ts(44,5): error TS2322: Type 'string' is not assignable to type 'Timestamp'.
src/hooks/useServices.ts(53,5): error TS2322: Type 'string' is not assignable to type 'Timestamp'.
src/hooks/useServices.ts(54,5): error TS2322: Type 'string' is not assignable to type 'Timestamp'.
src/hooks/useServices.ts(68,5): error TS2322: Type 'string' is not assignable to type 'Timestamp'.
src/hooks/useServices.ts(69,5): error TS2322: Type 'string' is not assignable to type 'Timestamp'.
src/hooks/useServices.ts(79,5): error TS2322: Type 'string' is not assignable to type 'Timestamp'.
src/hooks/useServices.ts(80,5): error TS2322: Type 'string' is not assignable to type 'Timestamp'.
src/hooks/useServices.ts(90,5): error TS2322: Type 'string' is not assignable to type 'Timestamp'.
src/hooks/useServices.ts(91,5): error TS2322: Type 'string' is not assignable to type 'Timestamp'.
src/hooks/useServices.ts(103,5): error TS2322: Type 'string' is not assignable to type 'Timestamp'.
src/hooks/useServices.ts(104,5): error TS2322: Type 'string' is not assignable to type 'Timestamp'.
src/hooks/useServices.ts(114,5): error TS2322: Type 'string' is not assignable to type 'Timestamp'.
src/hooks/useServices.ts(115,5): error TS2322: Type 'string' is not assignable to type 'Timestamp'.
src/hooks/useServices.ts(125,5): error TS2322: Type 'string' is not assignable to type 'Timestamp'.
src/hooks/useServices.ts(126,5): error TS2322: Type 'string' is not assignable to type 'Timestamp'.
src/hooks/useServices.ts(138,5): error TS2322: Type 'string' is not assignable to type 'Timestamp'.
src/hooks/useServices.ts(139,5): error TS2322: Type 'string' is not assignable to type 'Timestamp'.
src/hooks/useServices.ts(149,5): error TS2322: Type 'string' is not assignable to type 'Timestamp'.
src/hooks/useServices.ts(150,5): error TS2322: Type 'string' is not assignable to type 'Timestamp'.
src/hooks/useServices.ts(160,5): error TS2322: Type 'string' is not assignable to type 'Timestamp'.
src/hooks/useServices.ts(161,5): error TS2322: Type 'string' is not assignable to type 'Timestamp'.
src/hooks/useServices.ts(173,5): error TS2322: Type 'string' is not assignable to type 'Timestamp'.
src/hooks/useServices.ts(174,5): error TS2322: Type 'string' is not assignable to type 'Timestamp'.
src/hooks/useServices.ts(184,5): error TS2322: Type 'string' is not assignable to type 'Timestamp'.
src/hooks/useServices.ts(185,5): error TS2322: Type 'string' is not assignable to type 'Timestamp'.
src/hooks/useServices.ts(195,5): error TS2322: Type 'string' is not assignable to type 'Timestamp'.
src/hooks/useServices.ts(196,5): error TS2322: Type 'string' is not assignable to type 'Timestamp'.
src/hooks/useServices.ts(208,5): error TS2322: Type 'string' is not assignable to type 'Timestamp'.
src/hooks/useServices.ts(209,5): error TS2322: Type 'string' is not assignable to type 'Timestamp'.
src/hooks/useServices.ts(219,5): error TS2322: Type 'string' is not assignable to type 'Timestamp'.
src/hooks/useServices.ts(220,5): error TS2322: Type 'string' is not assignable to type 'Timestamp'.
src/hooks/useServices.ts(230,5): error TS2322: Type 'string' is not assignable to type 'Timestamp'.
src/hooks/useServices.ts(231,5): error TS2322: Type 'string' is not assignable to type 'Timestamp'.
src/hooks/useServices.ts(238,21): error TS6133: 'setIsLoading' is declared but its value is never read.
src/hooks/useServices.ts(256,7): error TS2322: Type 'string' is not assignable to type 'Timestamp'.
src/hooks/useServices.ts(257,7): error TS2322: Type 'string' is not assignable to type 'Timestamp'.
src/hooks/useServices.ts(264,26): error TS2345: Argument of type '(prev: ServiceCategory[]) => (ServiceCategory | { updatedAt: string; id: string; name: string; description?: string | undefined; isActive: boolean; order: number; createdAt?: Timestamp | undefined; })[]' is not assignable to parameter of type 'SetStateAction<ServiceCategory[]>'.
  Type '(prev: ServiceCategory[]) => (ServiceCategory | { updatedAt: string; id: string; name: string; description?: string | undefined; isActive: boolean; order: number; createdAt?: Timestamp | undefined; })[]' is not assignable to type '(prevState: ServiceCategory[]) => ServiceCategory[]'.
    Type '(ServiceCategory | { updatedAt: string; id: string; name: string; description?: string | undefined; isActive: boolean; order: number; createdAt?: Timestamp | undefined; })[]' is not assignable to type 'ServiceCategory[]'.
      Type 'ServiceCategory | { updatedAt: string; id: string; name: string; description?: string | undefined; isActive: boolean; order: number; createdAt?: Timestamp | undefined; }' is not assignable to type 'ServiceCategory'.
        Type '{ updatedAt: string; id: string; name: string; description?: string; isActive: boolean; order: number; createdAt?: Timestamp; }' is not assignable to type 'ServiceCategory'.
          Types of property 'updatedAt' are incompatible.
            Type 'string' is not assignable to type 'Timestamp'.
src/hooks/useServices.ts(281,7): error TS2322: Type 'string' is not assignable to type 'Timestamp'.
src/hooks/useServices.ts(282,7): error TS2322: Type 'string' is not assignable to type 'Timestamp'.
src/hooks/useServices.ts(289,20): error TS2345: Argument of type '(prev: SubService[]) => (SubService | { updatedAt: string; id: string; name: string; description?: string | undefined; link: string; isActive: boolean; order: number; ... 7 more ...; createdAt?: Timestamp | undefined; })[]' is not assignable to parameter of type 'SetStateAction<SubService[]>'.
  Type '(prev: SubService[]) => (SubService | { updatedAt: string; id: string; name: string; description?: string | undefined; link: string; isActive: boolean; order: number; ... 7 more ...; createdAt?: Timestamp | undefined; })[]' is not assignable to type '(prevState: SubService[]) => SubService[]'.
    Type '(SubService | { updatedAt: string; id: string; name: string; description?: string | undefined; link: string; isActive: boolean; order: number; categoryId: string; content?: string | undefined; ... 5 more ...; createdAt?: Timestamp | undefined; })[]' is not assignable to type 'SubService[]'.
      Type 'SubService | { updatedAt: string; id: string; name: string; description?: string | undefined; link: string; isActive: boolean; order: number; categoryId: string; content?: string | undefined; ... 5 more ...; createdAt?: Timestamp | undefined; }' is not assignable to type 'SubService'.
        Type '{ updatedAt: string; id: string; name: string; description?: string; link: string; isActive: boolean; order: number; categoryId: string; content?: string; contentBlocks?: ContentBlock[]; ... 4 more ...; createdAt?: Timestamp; }' is not assignable to type 'SubService'.
          Types of property 'updatedAt' are incompatible.
            Type 'string' is not assignable to type 'Timestamp'.
src/hooks/useTestimonials.ts(2,10): error TS2305: Module '"../types"' has no exported member 'Testimonial'.
src/pages/Admin/AdminLogin.tsx(9,9): error TS6133: 'navigate' is declared but its value is never read.
src/pages/Auth/Login.tsx(4,23): error TS6133: 'BookOpen' is declared but its value is never read.
src/pages/Auth/Register.tsx(4,23): error TS6133: 'BookOpen' is declared but its value is never read.
src/pages/BlogPostPage.tsx(100,43): error TS2339: Property 'authorAvatar' does not exist on type 'BlogPost'.
src/pages/BlogPostPage.tsx(101,56): error TS2339: Property 'authorAvatar' does not exist on type 'BlogPost'.
src/pages/BlogPostPage.tsx(111,51): error TS2339: Property 'readTime' does not exist on type 'BlogPost'.
src/pages/BlogPostPage.tsx(111,140): error TS2339: Property 'readTime' does not exist on type 'BlogPost'.
src/pages/Dashboard/AdminDashboard.tsx(7,3): error TS6133: 'BarChart' is declared but its value is never read.
src/pages/Dashboard/AdminDashboard.tsx(8,3): error TS6133: 'LineChart' is declared but its value is never read.
src/pages/Dashboard/AdminDashboard.tsx(12,1): error TS6133: 'StatusBadge' is declared but its value is never read.
src/pages/Dashboard/AdminDashboard.tsx(15,1): error TS6133: 'Link' is declared but its value is never read.
src/pages/Dashboard/AdminDashboard.tsx(16,1): error TS6133: 'db' is declared but its value is never read.
src/pages/Dashboard/AdminDashboard.tsx(20,7): error TS6133: 'formatDate' is declared but its value is never read.
src/pages/Dashboard/AdminDashboard.tsx(64,9): error TS6133: 'recentOrders' is declared but its value is never read.
src/pages/Dashboard/AdminMessages.tsx(6,3): error TS6133: 'CheckCircle' is declared but its value is never read.
src/pages/Dashboard/ClientMessages.tsx(63,38): error TS2304: Cannot find name 'db'.
src/pages/Dashboard/ClientMessages.tsx(70,42): error TS2304: Cannot find name 'db'.
src/pages/Dashboard/ClientProfileSettings.tsx(17,26): error TS6133: 'getDoc' is declared but its value is never read.
src/pages/Dashboard/ClientProfileSettings.tsx(81,30): error TS2304: Cannot find name 'db'.
src/pages/Dashboard/LiveChat.tsx(25,3): error TS6133: 'doc' is declared but its value is never read.
src/pages/Dashboard/LiveChat.tsx(77,7): error TS6133: 'MessageBubble' is declared but its value is never read.
src/pages/Dashboard/LiveChat.tsx(158,10): error TS6133: 'isUploading' is declared but its value is never read.
src/pages/Dashboard/LiveChat.tsx(197,7): error TS2322: Type 'UserRole' is not assignable to type '"admin" | "client" | undefined'.
  Type '"editor"' is not assignable to type '"admin" | "client" | undefined'.
src/pages/Dashboard/NewOrder.tsx(208,34): error TS2339: Property 'storage' does not exist on type 'Firestore'.
src/pages/Dashboard/Orders.tsx(14,1): error TS6133: 'db' is declared but its value is never read.
src/pages/Dashboard/ProfileSettings.tsx(20,15): error TS2345: Argument of type 'string | undefined' is not assignable to parameter of type 'SetStateAction<string>'.
  Type 'undefined' is not assignable to type 'SetStateAction<string>'.
src/pages/Dashboard/ProfileSettings.tsx(38,11): error TS2304: Cannot find name 'auth'.
src/pages/Dashboard/ProfileSettings.tsx(40,29): error TS2304: Cannot find name 'auth'.
src/pages/Dashboard/ProfileSettings.tsx(44,30): error TS2304: Cannot find name 'db'.
src/pages/Dashboard/UserDetail.tsx(82,19): error TS2345: Argument of type 'string | undefined' is not assignable to parameter of type 'SetStateAction<string>'.
  Type 'undefined' is not assignable to type 'SetStateAction<string>'.
src/pages/Dashboard/UserDetail.tsx(84,29): error TS2339: Property 'phone' does not exist on type 'User'.
src/pages/Dashboard/UserDetail.tsx(85,19): error TS2345: Argument of type 'UserRole' is not assignable to parameter of type 'SetStateAction<"admin" | "client">'.
  Type '"editor"' is not assignable to type 'SetStateAction<"admin" | "client">'.
src/pages/Dashboard/UserDetail.tsx(155,36): error TS2304: Cannot find name 'auth'.
src/pages/Dashboard/UserManagement.tsx(31,36): error TS2339: Property 'clientId' does not exist on type 'Order'.
src/pages/Dashboard/UserManagement.tsx(32,33): error TS2339: Property 'clientId' does not exist on type 'Order'.
src/pages/Dashboard/UserManagement.tsx(34,65): error TS2339: Property 'clientId' does not exist on type 'Order'.
src/pages/Dashboard/UserManagement.tsx(35,71): error TS2339: Property 'clientId' does not exist on type 'Order'.
src/pages/Dashboard/UserManagement.tsx(36,67): error TS2339: Property 'clientId' does not exist on type 'Order'.
src/pages/Dashboard/UserManagement.tsx(37,64): error TS2339: Property 'clientId' does not exist on type 'Order'.
src/pages/Dashboard/UserManagement.tsx(38,65): error TS2339: Property 'clientId' does not exist on type 'Order'.
src/pages/Dashboard/UserManagement.tsx(55,29): error TS18048: 'user.name' is possibly 'undefined'.
src/pages/Dashboard/UserManagement.tsx(72,27): error TS2769: No overload matches this call.
  Overload 1 of 4, '(value: string | number | Date): Date', gave the following error.
    Argument of type 'string | Timestamp | undefined' is not assignable to parameter of type 'string | number | Date'.
      Type 'undefined' is not assignable to type 'string | number | Date'.
  Overload 2 of 4, '(value: string | number): Date', gave the following error.
    Argument of type 'string | Timestamp | undefined' is not assignable to parameter of type 'string | number'.
      Type 'undefined' is not assignable to type 'string | number'.
src/pages/Dashboard/UserManagement.tsx(73,27): error TS2769: No overload matches this call.
  Overload 1 of 4, '(value: string | number | Date): Date', gave the following error.
    Argument of type 'string | Timestamp | undefined' is not assignable to parameter of type 'string | number | Date'.
      Type 'undefined' is not assignable to type 'string | number | Date'.
  Overload 2 of 4, '(value: string | number): Date', gave the following error.
    Argument of type 'string | Timestamp | undefined' is not assignable to parameter of type 'string | number'.
      Type 'undefined' is not assignable to type 'string | number'.
src/pages/DynamicServicePage.tsx(146,24): error TS2783: 'id' is specified more than once, so this usage will be overwritten.
src/pages/Home.tsx(4,3): error TS6133: 'Users' is declared but its value is never read.
src/pages/Home.tsx(5,3): error TS6133: 'Clock' is declared but its value is never read.
src/pages/Home.tsx(6,3): error TS6133: 'CheckCircle' is declared but its value is never read.
src/pages/Home.tsx(8,3): error TS6133: 'ArrowRight' is declared but its value is never read.
src/pages/Home.tsx(9,3): error TS6133: 'FileText' is declared but its value is never read.
src/pages/Home.tsx(10,3): error TS6133: 'GraduationCap' is declared but its value is never read.
src/pages/Home.tsx(11,3): error TS6133: 'Shield' is declared but its value is never read.
src/pages/Home.tsx(12,3): error TS6133: 'RefreshCw' is declared but its value is never read.
src/pages/Home.tsx(13,3): error TS6133: 'Headphones' is declared but its value is never read.
src/pages/Home.tsx(14,3): error TS6133: 'Download' is declared but its value is never read.
src/pages/Home.tsx(15,3): error TS6133: 'DollarSign' is declared but its value is never read.
src/pages/Home.tsx(16,3): error TS6133: 'BookOpen' is declared but its value is never read.
src/pages/Home.tsx(17,3): error TS6133: 'Search' is declared but its value is never read.
src/pages/Home.tsx(18,3): error TS6133: 'FileCheck' is declared but its value is never read.
src/pages/Home.tsx(19,3): error TS6133: 'ScrollText' is declared but its value is never read.
src/pages/Home.tsx(21,1): error TS6133: 'HeroSection' is declared but its value is never read.
src/pages/Home.tsx(24,1): error TS6133: 'Helmet' is declared but its value is never read.
src/pages/Home.tsx(29,10): error TS6133: 'ConcernsSolutionsBlock' is declared but its value is never read.
src/pages/Home.tsx(1277,7): error TS6133: 'WritersSection' is declared but its value is never read.
src/pages/Home.tsx(1412,7): error TS6133: 'ReviewsSection' is declared but its value is never read.
src/pages/Samples.tsx(16,3): error TS6133: 'CheckCircle' is declared but its value is never read.
src/pages/Samples.tsx(17,3): error TS6133: 'AlertCircle' is declared but its value is never read.
src/pages/Samples.tsx(158,19): error TS6133: 'setSamples' is declared but its value is never read.
src/pages/Services/AccountingHomeworkHelp.tsx(31,5): error TS6133: 'PieChart' is declared but its value is never read.
src/pages/Services/AccountingHomeworkHelp.tsx(32,5): error TS6133: 'Landmark' is declared but its value is never read.
src/pages/Services/AccountingHomeworkHelp.tsx(33,5): error TS6133: 'Receipt' is declared but its value is never read.
src/pages/Services/AccountingHomeworkHelp.tsx(34,5): error TS6133: 'FileSpreadsheet' is declared but its value is never read.
src/pages/Services/AccountingHomeworkHelp.tsx(623,58): error TS2304: Cannot find name 'Settings'.
src/pages/Services/DescriptiveEssayWriting.tsx(4,295): error TS6133: 'Palette' is declared but its value is never read.
src/pages/Services/DissertationWritingServices.tsx(35,5): error TS6133: 'Flag' is declared but its value is never read.
src/pages/Services/DissertationWritingServices.tsx(60,7): error TS6133: 'PriceCalculator' is declared but its value is never read.
src/pages/Services/EconomicsHomeworkHelp.tsx(30,5): error TS6133: 'TrendingUp' is declared but its value is never read.
src/pages/Services/EconomicsHomeworkHelp.tsx(620,58): error TS2304: Cannot find name 'Settings'.
src/pages/Services/EngineeringHomeworkHelp.tsx(619,58): error TS2304: Cannot find name 'Settings'.
src/pages/Services/FinanceHomeworkHelp.tsx(30,5): error TS6133: 'PieChart' is declared but its value is never read.
src/pages/Services/FinanceHomeworkHelp.tsx(32,5): error TS6133: 'TrendingUp' is declared but its value is never read.
src/pages/Services/FinanceHomeworkHelp.tsx(33,5): error TS6133: 'Landmark' is declared but its value is never read.
src/pages/Services/FinanceHomeworkHelp.tsx(34,5): error TS6133: 'Briefcase' is declared but its value is never read.
src/pages/Services/FinanceHomeworkHelp.tsx(35,5): error TS6133: 'PiggyBank' is declared but its value is never read.
src/pages/Services/FinanceHomeworkHelp.tsx(36,5): error TS6133: 'ShieldAlert' is declared but its value is never read.
src/pages/Services/FinanceHomeworkHelp.tsx(37,5): error TS6133: 'Calculator' is declared but its value is never read.
src/pages/Services/FinanceHomeworkHelp.tsx(38,5): error TS6133: 'Coins' is declared but its value is never read.
src/pages/Services/HomeworkHelp.tsx(56,7): error TS6133: 'PriceCalculator' is declared but its value is never read.
src/pages/Services/LawHomeworkHelp.tsx(29,5): error TS6133: 'Wrench' is declared but its value is never read.
src/pages/Services/MathHomeworkHelp.tsx(29,5): error TS6133: 'Wrench' is declared but its value is never read.
src/pages/Services/MSOfficeHomeworkHelp.tsx(584,58): error TS2304: Cannot find name 'Settings'.
src/pages/Services/PaperWriting.tsx(60,7): error TS6133: 'PriceCalculator' is declared but its value is never read.
src/pages/Services/ProgrammingHomeworkHelp.tsx(619,58): error TS2304: Cannot find name 'Settings'.
src/pages/Services/ScienceHomeworkHelp.tsx(620,58): error TS2304: Cannot find name 'Settings'.
src/pages/Services/ThesisWritingServices.tsx(60,7): error TS6133: 'PriceCalculator' is declared but its value is never read.
src/pages/Services/WritersCarousel.tsx(69,26): error TS2339: Property 'imageUrl' does not exist on type '{ name: string; degree: string; rating: number; tags: string[]; stats: { label: string; value: string; }[]; }'.
src/pages/Services/WritersCarousel.tsx(78,30): error TS2503: Cannot find namespace 'NodeJS'.
src/pages/Services/WritersCarousel.tsx(145,34): error TS2339: Property 'imageUrl' does not exist on type '{ name: string; degree: string; rating: number; tags: string[]; stats: { label: string; value: string; }[]; }'.
src/pages/tools/EssayAnalyzer.tsx(71,6): error TS2604: JSX element type 'Icon' does not have any construct or call signatures.
src/pages/tools/EssayAnalyzer.tsx(71,6): error TS2786: 'Icon' cannot be used as a JSX component.
  Its type 'ElementType<any, keyof IntrinsicElements>' is not a valid JSX element type.
    Type 'number' is not assignable to type 'ElementType'.
